/.
/texmf-config/.
/texmf-config/texmf-config/.
/texmf-local/.
/texmf-local/texmf-local/.
/texmf-local/texmf-local/fonts/.
/texmf-local/texmf-local/fonts/type1/.
/texmf-local/texmf-local/fonts/type1/local/.
/texmf-local/texmf-local/fonts/source/.
/texmf-local/texmf-local/fonts/source/local/.
/texmf-local/texmf-local/fonts/tfm/.
/texmf-local/texmf-local/fonts/tfm/local/.
/texmf-local/texmf-local/fonts/vf/.
/texmf-local/texmf-local/fonts/vf/local/.
/texmf-local/texmf-local/doc/.
/texmf-local/texmf-local/doc/local/.
/texmf-local/texmf-local/web2c/.
/texmf-local/texmf-local/dvips/.
/texmf-local/texmf-local/dvips/local/.
/texmf-local/texmf-local/tex/.
/texmf-local/texmf-local/tex/latex/.
/texmf-local/texmf-local/tex/latex/local/.
/texmf-local/texmf-local/tex/plain/.
/texmf-local/texmf-local/tex/plain/local/.
/texmf-local/texmf-local/bibtex/.
/texmf-local/texmf-local/bibtex/bst/.
/texmf-local/texmf-local/bibtex/bst/local/.
/texmf-local/texmf-local/bibtex/bib/.
/texmf-local/texmf-local/bibtex/bib/local/.
/texmf-local/texmf-local/tlpkg/.
/texmf-local/texmf-local/metapost/.
/texmf-local/texmf-local/metapost/local/.
/texmf-dist/.
/texmf-dist/fonts/.
/texmf-dist/fonts/type1/.
/texmf-dist/fonts/type1/public/.
/texmf-dist/fonts/type1/public/cm-super/.
/texmf-dist/fonts/type1/public/cm-super/cm-super/.
/texmf-dist/fonts/type1/public/amsfonts/.
/texmf-dist/fonts/type1/public/amsfonts/amsfonts/.
/texmf-dist/fonts/type1/public/amsfonts/amsfonts/euler/.
/texmf-dist/fonts/type1/public/amsfonts/amsfonts/symbols/.
/texmf-dist/fonts/type1/public/amsfonts/amsfonts/cm/.
/texmf-dist/fonts/type1/public/amsfonts/amsfonts/latxfont/.
/texmf-dist/fonts/type1/public/amsfonts/amsfonts/cyrillic/.
/texmf-dist/fonts/type1/public/amsfonts/amsfonts/cmextra/.
/texmf-dist/fonts/map/.
/texmf-dist/fonts/map/public/.
/texmf-dist/fonts/map/public/cm-super/.
/texmf-dist/fonts/map/dvips/.
/texmf-dist/fonts/map/dvips/cm-super/.
/texmf-dist/fonts/map/dvips/cm-super/cm-super/.
/texmf-dist/fonts/map/dvips/amsfonts/.
/texmf-dist/fonts/enc/.
/texmf-dist/fonts/enc/dvips/.
/texmf-dist/fonts/enc/dvips/cm-super/.
/texmf-dist/fonts/enc/dvips/cm-super/cm-super/.
/texmf-dist/fonts/amf/.
/texmf-dist/fonts/amf/public/.
/texmf-dist/fonts/amf/public/cm-super/.
/texmf-dist/fonts/amf/public/amsfonts/.
/texmf-dist/fonts/tfm/.
/texmf-dist/fonts/tfm/public/.
/texmf-dist/fonts/tfm/public/amsfonts/.
/texmf-dist/fonts/tfm/public/amsfonts/cmextra/.
/texmf-dist/fonts/tfm/public/amsfonts/cmextra/cmextra/.
/texmf-dist/fonts/tfm/public/cmextra/.
/texmf-dist/fonts/tfm/public/cmextra/cmextra/.
/texmf-dist/web2c/.
/texmf-dist/texconfig/.
/texmf-dist/texconfig/texconfig/.
/texmf-dist/texconfig/texconfig/v/.
/texmf-dist/texconfig/texconfig/g/.
/texmf-dist/texconfig/texconfig/x/.
/texmf-dist/dvips/.
/texmf-dist/dvips/cm-super/.
/texmf-dist/dvips/cm-super/cm-super/.
/texmf-dist/tex/.
/texmf-dist/tex/latex/.
/texmf-dist/tex/latex/standalone/.
/texmf-dist/tex/latex/oberdiek/.
/texmf-dist/tex/latex/latexconfig/.
/texmf-dist/tex/latex/cm-super/.
/texmf-dist/tex/latex/cm-super/cm-super/.
/texmf-dist/tex/latex/babelbib/.
/texmf-dist/tex/latex/babelbib/babelbib/.
/texmf-dist/tex/latex/base/.
/texmf-dist/tex/latex/base/base/.
/texmf-dist/tex/latex/xkeyval/.
/texmf-dist/tex/generic/.
/texmf-dist/tex/generic/oberdiek/.
/texmf-dist/tex/dvips/.
/texmf-dist/tex/dvips/cm-super/.
/texmf-dist/tex/context/.
/texmf-dist/tex/context/base/.
/texmf-dist/mft/.
/texmf-dist/mft/mft/.
/texmf-dist/mft/mft/knuth-local/.
/texmf-dist/mft/mft/base/.
/texmf-var/.
/texmf-var/fonts/.
/texmf-var/fonts/map/.
/texmf-var/fonts/map/pdftex/.
/texmf-var/fonts/map/pdftex/updmap/.
/texmf-var/fonts/tfm/.
/texmf-var/fonts/tfm/tfm/.
/texmf-var/fonts/tfm/tfm/public/.
/texmf-var/fonts/tfm/tfm/public/cm/.
/texmf-var/fonts/tfm/tfm/public/latex-fonts/.
/texmf-var/fonts/tfm/tfm/lh/.
/texmf-var/fonts/tfm/tfm/lh/lh-t2a/.
/texmf-var/fonts/tfm/tfm/adobe/.
/texmf-var/fonts/tfm/tfm/adobe/symbol/.
/texmf-var/fonts/tfm/tfm/adobe/times/.
/texmf-config/texmf-config/ls-R
/texmf-config/ls-R
/texmf-local/ls-R
/texmf-dist/fonts/type1/public/cm-super/cm-super/sfvt2074.pfb
/texmf-dist/fonts/type1/public/cm-super/cm-super/sfci1095.pfb
/texmf-dist/fonts/type1/public/cm-super/cm-super/sftt1200.pfb
/texmf-dist/fonts/type1/public/cm-super/cm-super/sfso2986.pfb
/texmf-dist/fonts/type1/public/cm-super/cm-super/sfci2074.pfb
/texmf-dist/fonts/type1/public/cm-super/cm-super/sftt1095.pfb
/texmf-dist/fonts/type1/public/cm-super/cm-super/sffs1440.pfb
/texmf-dist/fonts/type1/public/cm-super/cm-super/sfsc2986.pfb
/texmf-dist/fonts/type1/public/cm-super/cm-super/sfsi1440.pfb
/texmf-dist/fonts/type1/public/cm-super/cm-super/sfrb1728.pfb
/texmf-dist/fonts/type1/public/cm-super/cm-super/sfss2074.pfb
/texmf-dist/fonts/type1/public/cm-super/cm-super/sffi1095.pfb
/texmf-dist/fonts/type1/public/cm-super/cm-super/sfbm1728.pfb
/texmf-dist/fonts/type1/public/cm-super/cm-super/sfbm2986.pfb
/texmf-dist/fonts/type1/public/cm-super/cm-super/sfdh2986.pfb
/texmf-dist/fonts/type1/public/cm-super/cm-super/sfxc2986.pfb
/texmf-dist/fonts/type1/public/cm-super/cm-super/sfui1000.pfb
/texmf-dist/fonts/type1/public/cm-super/cm-super/sffs1728.pfb
/texmf-dist/fonts/type1/public/cm-super/cm-super/sfui0900.pfb
/texmf-dist/fonts/type1/public/cm-super/cm-super/sfoc2488.pfb
/texmf-dist/fonts/type1/public/cm-super/cm-super/sfbmr10.pfb
/texmf-dist/fonts/type1/public/cm-super/cm-super/sfff1095.pfb
/texmf-dist/fonts/type1/public/cm-super/cm-super/sfsi2488.pfb
/texmf-dist/fonts/type1/public/cm-super/cm-super/sfsx0700.pfb
/texmf-dist/fonts/type1/public/cm-super/cm-super/sfit2074.pfb
/texmf-dist/fonts/type1/public/cm-super/cm-super/sfrm2074.pfb
/texmf-dist/fonts/type1/public/cm-super/cm-super/sfoc3583.pfb
/texmf-dist/fonts/type1/public/cm-super/cm-super/sfcc2074.pfb
/texmf-dist/fonts/type1/public/cm-super/cm-super/sfvi1728.pfb
/texmf-dist/fonts/type1/public/cm-super/cm-super/sfbx0600.pfb
/texmf-dist/fonts/type1/public/cm-super/cm-super/sfbmr17.pfb
/texmf-dist/fonts/type1/public/cm-super/cm-super/sfbsr17.pfb
/texmf-dist/fonts/type1/public/cm-super/cm-super/sfso0900.pfb
/texmf-dist/fonts/type1/public/cm-super/cm-super/sfit2488.pfb
/texmf-dist/fonts/type1/public/cm-super/cm-super/sfui1440.pfb
/texmf-dist/fonts/type1/public/cm-super/cm-super/sfit1728.pfb
/texmf-dist/fonts/type1/public/cm-super/cm-super/sfoc1728.pfb
/texmf-dist/fonts/type1/public/cm-super/cm-super/sfosl9.pfb
/texmf-dist/fonts/type1/public/cm-super/cm-super/sfvt2986.pfb
/texmf-dist/fonts/type1/public/cm-super/cm-super/sform8.pfb
/texmf-dist/fonts/type1/public/cm-super/cm-super/sffs1000.pfb
/texmf-dist/fonts/type1/public/cm-super/cm-super/sfcc0900.pfb
/texmf-dist/fonts/type1/public/cm-super/cm-super/sfdh2488.pfb
/texmf-dist/fonts/type1/public/cm-super/cm-super/sfrb2986.pfb
/texmf-dist/fonts/type1/public/cm-super/cm-super/sfsi3583.pfb
/texmf-dist/fonts/type1/public/cm-super/cm-super/sfbsr9.pfb
/texmf-dist/fonts/type1/public/cm-super/cm-super/sfoc1200.pfb
/texmf-dist/fonts/type1/public/cm-super/cm-super/sfvi0800.pfb
/texmf-dist/fonts/type1/public/cm-super/cm-super/sfbi1440.pfb
/texmf-dist/fonts/type1/public/cm-super/cm-super/sfsx0500.pfb
/texmf-dist/fonts/type1/public/cm-super/cm-super/sfvi1095.pfb
/texmf-dist/fonts/type1/public/cm-super/cm-super/sfrm0900.pfb
/texmf-dist/fonts/type1/public/cm-super/cm-super/sffi1000.pfb
/texmf-dist/fonts/type1/public/cm-super/cm-super/sfltt8.pfb
/texmf-dist/fonts/type1/public/cm-super/cm-super/sfti0900.pfb
/texmf-dist/fonts/type1/public/cm-super/cm-super/sfci2986.pfb
/texmf-dist/fonts/type1/public/cm-super/cm-super/sfoc2986.pfb
/texmf-dist/fonts/type1/public/cm-super/cm-super/sftt1000.pfb
/texmf-dist/fonts/type1/public/cm-super/cm-super/sfso0600.pfb
/texmf-dist/fonts/type1/public/cm-super/cm-super/sfqi8.pfb
/texmf-dist/fonts/type1/public/cm-super/cm-super/sfbx0500.pfb
/texmf-dist/fonts/type1/public/cm-super/cm-super/sfsl3583.pfb
/texmf-dist/fonts/type1/public/cm-super/cm-super/sfsc0800.pfb
/texmf-dist/fonts/type1/public/cm-super/cm-super/sfsc2074.pfb
/texmf-dist/fonts/type1/public/cm-super/cm-super/sfdh0500.pfb
/texmf-dist/fonts/type1/public/cm-super/cm-super/sfxc0600.pfb
/texmf-dist/fonts/type1/public/cm-super/cm-super/sffb1728.pfb
/texmf-dist/fonts/type1/public/cm-super/cm-super/sffb0500.pfb
/texmf-dist/fonts/type1/public/cm-super/cm-super/sfui2074.pfb
/texmf-dist/fonts/type1/public/cm-super/cm-super/sffs1095.pfb
/texmf-dist/fonts/type1/public/cm-super/cm-super/sfsi0900.pfb
/texmf-dist/fonts/type1/public/cm-super/cm-super/sfsi0600.pfb
/texmf-dist/fonts/type1/public/cm-super/cm-super/sfbx1200.pfb
/texmf-dist/fonts/type1/public/cm-super/cm-super/sffb0600.pfb
/texmf-dist/fonts/type1/public/cm-super/cm-super/sfrb1000.pfb
/texmf-dist/fonts/type1/public/cm-super/cm-super/sfsl1440.pfb
/texmf-dist/fonts/type1/public/cm-super/cm-super/sfst2488.pfb
/texmf-dist/fonts/type1/public/cm-super/cm-super/sftc2986.pfb
/texmf-dist/fonts/type1/public/cm-super/cm-super/sfsx1200.pfb
/texmf-dist/fonts/type1/public/cm-super/cm-super/sfui2986.pfb
/texmf-dist/fonts/type1/public/cm-super/cm-super/sfbi1000.pfb
/texmf-dist/fonts/type1/public/cm-super/cm-super/sfsc1440.pfb
/texmf-dist/fonts/type1/public/cm-super/cm-super/sftc1440.pfb
/texmf-dist/fonts/type1/public/cm-super/cm-super/sfbi0700.pfb
/texmf-dist/fonts/type1/public/cm-super/cm-super/sfvt2488.pfb
/texmf-dist/fonts/type1/public/cm-super/cm-super/sffi1440.pfb
/texmf-dist/fonts/type1/public/cm-super/cm-super/sfff2488.pfb
/texmf-dist/fonts/type1/public/cm-super/cm-super/isfltt8.pfb
/texmf-dist/fonts/type1/public/cm-super/cm-super/sfbl0500.pfb
/texmf-dist/fonts/type1/public/cm-super/cm-super/sftt0900.pfb
/texmf-dist/fonts/type1/public/cm-super/cm-super/sfbl0700.pfb
/texmf-dist/fonts/type1/public/cm-super/cm-super/sfci1000.pfb
/texmf-dist/fonts/type1/public/cm-super/cm-super/sfui0700.pfb
/texmf-dist/fonts/type1/public/cm-super/cm-super/sfbx2074.pfb
/texmf-dist/fonts/type1/public/cm-super/cm-super/sfit1200.pfb
/texmf-dist/fonts/type1/public/cm-super/cm-super/sfit0900.pfb
/texmf-dist/fonts/type1/public/cm-super/cm-super/sftt2488.pfb
/texmf-dist/fonts/type1/public/cm-super/cm-super/sfbso9.pfb
/texmf-dist/fonts/type1/public/cm-super/cm-super/sfbi1200.pfb
/texmf-dist/fonts/type1/public/cm-super/cm-super/sfst2986.pfb
/texmf-dist/fonts/type1/public/cm-super/cm-super/sform6.pfb
/texmf-dist/fonts/type1/public/cm-super/cm-super/sfti1440.pfb
/texmf-dist/fonts/type1/public/cm-super/cm-super/sfsc1728.pfb
/texmf-dist/fonts/type1/public/cm-super/cm-super/sffi2074.pfb
/texmf-dist/fonts/type1/public/cm-super/cm-super/sfbi2074.pfb
/texmf-dist/fonts/type1/public/cm-super/cm-super/sfrb0500.pfb
/texmf-dist/fonts/type1/public/cm-super/cm-super/sfxc1440.pfb
/texmf-dist/fonts/type1/public/cm-super/cm-super/sfbl0800.pfb
/texmf-dist/fonts/type1/public/cm-super/cm-super/sfxc1095.pfb
/texmf-dist/fonts/type1/public/cm-super/cm-super/sfcc1000.pfb
/texmf-dist/fonts/type1/public/cm-super/cm-super/sfsl0800.pfb
/texmf-dist/fonts/type1/public/cm-super/cm-super/sfci0900.pfb
/texmf-dist/fonts/type1/public/cm-super/cm-super/sfoc0800.pfb
/texmf-dist/fonts/type1/public/cm-super/cm-super/sftc2488.pfb
/texmf-dist/fonts/type1/public/cm-super/cm-super/sflq8.pfb
/texmf-dist/fonts/type1/public/cm-super/cm-super/sfsx0800.pfb
/texmf-dist/fonts/type1/public/cm-super/cm-super/sftc0800.pfb
/texmf-dist/fonts/type1/public/cm-super/cm-super/sfbi3583.pfb
/texmf-dist/fonts/type1/public/cm-super/cm-super/sfsi0500.pfb
/texmf-dist/fonts/type1/public/cm-super/cm-super/sffb1095.pfb
/texmf-dist/fonts/type1/public/cm-super/cm-super/sfbso8.pfb
/texmf-dist/fonts/type1/public/cm-super/cm-super/sfbsr10.pfb
/texmf-dist/fonts/type1/public/cm-super/cm-super/sfff1000.pfb
/texmf-dist/fonts/type1/public/cm-super/cm-super/sfcc2986.pfb
/texmf-dist/fonts/type1/public/cm-super/cm-super/sfbx3583.pfb
/texmf-dist/fonts/type1/public/cm-super/cm-super/sfbl0600.pfb
/texmf-dist/fonts/type1/public/cm-super/cm-super/sfsc1000.pfb
/texmf-dist/fonts/type1/public/cm-super/cm-super/sfbx2488.pfb
/texmf-dist/fonts/type1/public/cm-super/cm-super/sfdh3583.pfb
/texmf-dist/fonts/type1/public/cm-super/cm-super/sfci3583.pfb
/texmf-dist/fonts/type1/public/cm-super/cm-super/sfss1728.pfb
/texmf-dist/fonts/type1/public/cm-super/cm-super/sfsi2986.pfb
/texmf-dist/fonts/type1/public/cm-super/cm-super/isflo8.pfb
/texmf-dist/fonts/type1/public/cm-super/cm-super/sfsx2986.pfb
/texmf-dist/fonts/type1/public/cm-super/cm-super/sfsc0900.pfb
/texmf-dist/fonts/type1/public/cm-super/cm-super/sfui1728.pfb
/texmf-dist/fonts/type1/public/cm-super/cm-super/sfbm2488.pfb
/texmf-dist/fonts/type1/public/cm-super/cm-super/sfst1000.pfb
/texmf-dist/fonts/type1/public/cm-super/cm-super/sfsx0600.pfb
/texmf-dist/fonts/type1/public/cm-super/cm-super/sfrm2488.pfb
/texmf-dist/fonts/type1/public/cm-super/cm-super/sfoc2074.pfb
/texmf-dist/fonts/type1/public/cm-super/cm-super/sfoc1095.pfb
/texmf-dist/fonts/type1/public/cm-super/cm-super/sfdh0800.pfb
/texmf-dist/fonts/type1/public/cm-super/cm-super/sfdh1440.pfb
/texmf-dist/fonts/type1/public/cm-super/cm-super/sfbi2986.pfb
/texmf-dist/fonts/type1/public/cm-super/cm-super/sform5.pfb
/texmf-dist/fonts/type1/public/cm-super/cm-super/sfso3583.pfb
/texmf-dist/fonts/type1/public/cm-super/cm-super/sfsl2488.pfb
/texmf-dist/fonts/type1/public/cm-super/cm-super/sfso2074.pfb
/texmf-dist/fonts/type1/public/cm-super/cm-super/sfrb0900.pfb
/texmf-dist/fonts/type1/public/cm-super/cm-super/sfvt1095.pfb
/texmf-dist/fonts/type1/public/cm-super/cm-super/sfbl3583.pfb
/texmf-dist/fonts/type1/public/cm-super/cm-super/sfrb1200.pfb
/texmf-dist/fonts/type1/public/cm-super/cm-super/sfsl2074.pfb
/texmf-dist/fonts/type1/public/cm-super/cm-super/sfbl1200.pfb
/texmf-dist/fonts/type1/public/cm-super/cm-super/sfsl1200.pfb
/texmf-dist/fonts/type1/public/cm-super/cm-super/sfsc0500.pfb
/texmf-dist/fonts/type1/public/cm-super/cm-super/sfsi1000.pfb
/texmf-dist/fonts/type1/public/cm-super/cm-super/sfsi2074.pfb
/texmf-dist/fonts/type1/public/cm-super/cm-super/sfosl5.pfb
/texmf-dist/fonts/type1/public/cm-super/cm-super/sfrm1000.pfb
/texmf-dist/fonts/type1/public/cm-super/cm-super/sfsi1200.pfb
/texmf-dist/fonts/type1/public/cm-super/cm-super/sfti0500.pfb
/texmf-dist/fonts/type1/public/cm-super/cm-super/sfvi1200.pfb
/texmf-dist/fonts/type1/public/cm-super/cm-super/sfrb1440.pfb
/texmf-dist/fonts/type1/public/cm-super/cm-super/sfss2986.pfb
/texmf-dist/fonts/type1/public/cm-super/cm-super/sfti1095.pfb
/texmf-dist/fonts/type1/public/cm-super/cm-super/sfsx0900.pfb
/texmf-dist/fonts/type1/public/cm-super/cm-super/sfrb2488.pfb
/texmf-dist/fonts/type1/public/cm-super/cm-super/sfsi1095.pfb
/texmf-dist/fonts/type1/public/cm-super/cm-super/sfss1440.pfb
/texmf-dist/fonts/type1/public/cm-super/cm-super/sfsx2488.pfb
/texmf-dist/fonts/type1/public/cm-super/cm-super/sfss0900.pfb
/texmf-dist/fonts/type1/public/cm-super/cm-super/sfsl2986.pfb
/texmf-dist/fonts/type1/public/cm-super/cm-super/sfci1200.pfb
/texmf-dist/fonts/type1/public/cm-super/cm-super/sfbi1095.pfb
/texmf-dist/fonts/type1/public/cm-super/cm-super/sfcc1728.pfb
/texmf-dist/fonts/type1/public/cm-super/cm-super/sfvi0900.pfb
/texmf-dist/fonts/type1/public/cm-super/cm-super/sfui1095.pfb
/texmf-dist/fonts/type1/public/cm-super/cm-super/sfbx1728.pfb
/texmf-dist/fonts/type1/public/cm-super/cm-super/sfst0800.pfb
/texmf-dist/fonts/type1/public/cm-super/cm-super/sfsc0600.pfb
/texmf-dist/fonts/type1/public/cm-super/cm-super/sfsl0600.pfb
/texmf-dist/fonts/type1/public/cm-super/cm-super/sfxc0800.pfb
/texmf-dist/fonts/type1/public/cm-super/cm-super/sfocc10.pfb
/texmf-dist/fonts/type1/public/cm-super/cm-super/sfbmo17.pfb
/texmf-dist/fonts/type1/public/cm-super/cm-super/sfui3583.pfb
/texmf-dist/fonts/type1/public/cm-super/cm-super/sfti2074.pfb
/texmf-dist/fonts/type1/public/cm-super/cm-super/sftc3583.pfb
/texmf-dist/fonts/type1/public/cm-super/cm-super/sfbi0800.pfb
/texmf-dist/fonts/type1/public/cm-super/cm-super/sfbm3583.pfb
/texmf-dist/fonts/type1/public/cm-super/cm-super/sfrb1095.pfb
/texmf-dist/fonts/type1/public/cm-super/cm-super/sform7.pfb
/texmf-dist/fonts/type1/public/cm-super/cm-super/sfsl0500.pfb
/texmf-dist/fonts/type1/public/cm-super/cm-super/sfoc1000.pfb
/texmf-dist/fonts/type1/public/cm-super/cm-super/sfbx1000.pfb
/texmf-dist/fonts/type1/public/cm-super/cm-super/sffs0500.pfb
/texmf-dist/fonts/type1/public/cm-super/cm-super/sftt2986.pfb
/texmf-dist/fonts/type1/public/cm-super/cm-super/sfso0700.pfb
/texmf-dist/fonts/type1/public/cm-super/cm-super/sfss0800.pfb
/texmf-dist/fonts/type1/public/cm-super/cm-super/sfbx1095.pfb
/texmf-dist/fonts/type1/public/cm-super/cm-super/isflq8.pfb
/texmf-dist/fonts/type1/public/cm-super/cm-super/sfsc1095.pfb
/texmf-dist/fonts/type1/public/cm-super/cm-super/sfss1095.pfb
/texmf-dist/fonts/type1/public/cm-super/cm-super/sfti2986.pfb
/texmf-dist/fonts/type1/public/cm-super/cm-super/sfit1000.pfb
/texmf-dist/fonts/type1/public/cm-super/cm-super/sffs0700.pfb
/texmf-dist/fonts/type1/public/cm-super/cm-super/sfti0800.pfb
/texmf-dist/fonts/type1/public/cm-super/cm-super/sfso1728.pfb
/texmf-dist/fonts/type1/public/cm-super/cm-super/sftt1440.pfb
/texmf-dist/fonts/type1/public/cm-super/cm-super/sfbmr8.pfb
/texmf-dist/fonts/type1/public/cm-super/cm-super/sfcc1440.pfb
/texmf-dist/fonts/type1/public/cm-super/cm-super/sfss0500.pfb
/texmf-dist/fonts/type1/public/cm-super/cm-super/sfui0800.pfb
/texmf-dist/fonts/type1/public/cm-super/cm-super/sfvi2488.pfb
/texmf-dist/fonts/type1/public/cm-super/cm-super/sfvt1200.pfb
/texmf-dist/fonts/type1/public/cm-super/cm-super/sfvi1000.pfb
/texmf-dist/fonts/type1/public/cm-super/cm-super/sfbx2986.pfb
/texmf-dist/fonts/type1/public/cm-super/cm-super/sfso1095.pfb
/texmf-dist/fonts/type1/public/cm-super/cm-super/sfbx1440.pfb
/texmf-dist/fonts/type1/public/cm-super/cm-super/sfoti10.pfb
/texmf-dist/fonts/type1/public/cm-super/cm-super/sfbl1440.pfb
/texmf-dist/fonts/type1/public/cm-super/cm-super/sfbm1095.pfb
/texmf-dist/fonts/type1/public/cm-super/cm-super/sfvt1440.pfb
/texmf-dist/fonts/type1/public/cm-super/cm-super/sfbi0900.pfb
/texmf-dist/fonts/type1/public/cm-super/cm-super/sfsx1440.pfb
/texmf-dist/fonts/type1/public/cm-super/cm-super/sfbsr8.pfb
/texmf-dist/fonts/type1/public/cm-super/cm-super/sftc1200.pfb
/texmf-dist/fonts/type1/public/cm-super/cm-super/sfss1000.pfb
/texmf-dist/fonts/type1/public/cm-super/cm-super/sftc0900.pfb
/texmf-dist/fonts/type1/public/cm-super/cm-super/sfbl0900.pfb
/texmf-dist/fonts/type1/public/cm-super/cm-super/sfxc0900.pfb
/texmf-dist/fonts/type1/public/cm-super/cm-super/sfoc1440.pfb
/texmf-dist/fonts/type1/public/cm-super/cm-super/sfsl1000.pfb
/texmf-dist/fonts/type1/public/cm-super/cm-super/sfci2488.pfb
/texmf-dist/fonts/type1/public/cm-super/cm-super/sfbx0800.pfb
/texmf-dist/fonts/type1/public/cm-super/cm-super/sfxc3583.pfb
/texmf-dist/fonts/type1/public/cm-super/cm-super/sfdh0700.pfb
/texmf-dist/fonts/type1/public/cm-super/cm-super/sfst3583.pfb
/texmf-dist/fonts/type1/public/cm-super/cm-super/sfso0800.pfb
/texmf-dist/fonts/type1/public/cm-super/cm-super/sfui1200.pfb
/texmf-dist/fonts/type1/public/cm-super/cm-super/sfoc0600.pfb
/texmf-dist/fonts/type1/public/cm-super/cm-super/sffb1200.pfb
/texmf-dist/fonts/type1/public/cm-super/cm-super/sfxc0700.pfb
/texmf-dist/fonts/type1/public/cm-super/cm-super/sfrm2986.pfb
/texmf-dist/fonts/type1/public/cm-super/cm-super/sffb1000.pfb
/texmf-dist/fonts/type1/public/cm-super/cm-super/sffs1200.pfb
/texmf-dist/fonts/type1/public/cm-super/cm-super/sffb0700.pfb
/texmf-dist/fonts/type1/public/cm-super/cm-super/sffb0900.pfb
/texmf-dist/fonts/type1/public/cm-super/cm-super/sfci1728.pfb
/texmf-dist/fonts/type1/public/cm-super/cm-super/sfui0600.pfb
/texmf-dist/fonts/type1/public/cm-super/cm-super/sftt3583.pfb
/texmf-dist/fonts/type1/public/cm-super/cm-super/sfsc0700.pfb
/texmf-dist/fonts/type1/public/cm-super/cm-super/sfbi0600.pfb
/texmf-dist/fonts/type1/public/cm-super/cm-super/sfxc1728.pfb
/texmf-dist/fonts/type1/public/cm-super/cm-super/sfcc3583.pfb
/texmf-dist/fonts/type1/public/cm-super/cm-super/sfsq8.pfb
/texmf-dist/fonts/type1/public/cm-super/cm-super/sftt0800.pfb
/texmf-dist/fonts/type1/public/cm-super/cm-super/sfsc1200.pfb
/texmf-dist/fonts/type1/public/cm-super/cm-super/sfoc0900.pfb
/texmf-dist/fonts/type1/public/cm-super/cm-super/sfrm0700.pfb
/texmf-dist/fonts/type1/public/cm-super/cm-super/sfosl8.pfb
/texmf-dist/fonts/type1/public/cm-super/cm-super/sfsi0800.pfb
/texmf-dist/fonts/type1/public/cm-super/cm-super/sfbm1200.pfb
/texmf-dist/fonts/type1/public/cm-super/cm-super/sfcc0800.pfb
/texmf-dist/fonts/type1/public/cm-super/cm-super/sfci1440.pfb
/texmf-dist/fonts/type1/public/cm-super/cm-super/sfbm1440.pfb
/texmf-dist/fonts/type1/public/cm-super/cm-super/sfsi0700.pfb
/texmf-dist/fonts/type1/public/cm-super/cm-super/sfcc1095.pfb
/texmf-dist/fonts/type1/public/cm-super/cm-super/sfbm0500.pfb
/texmf-dist/fonts/type1/public/cm-super/cm-super/sfbso10.pfb
/texmf-dist/fonts/type1/public/cm-super/cm-super/sfrm1440.pfb
/texmf-dist/fonts/type1/public/cm-super/cm-super/sfdh1095.pfb
/texmf-dist/fonts/type1/public/cm-super/cm-super/sftt2074.pfb
/texmf-dist/fonts/type1/public/cm-super/cm-super/sffb0800.pfb
/texmf-dist/fonts/type1/public/cm-super/cm-super/sfvi1440.pfb
/texmf-dist/fonts/type1/public/cm-super/cm-super/sform10.pfb
/texmf-dist/fonts/type1/public/cm-super/cm-super/sfti1728.pfb
/texmf-dist/fonts/type1/public/cm-super/cm-super/sfrb3583.pfb
/texmf-dist/fonts/type1/public/cm-super/cm-super/sfbx0900.pfb
/texmf-dist/fonts/type1/public/cm-super/cm-super/sfxc1000.pfb
/texmf-dist/fonts/type1/public/cm-super/cm-super/sfit1095.pfb
/texmf-dist/fonts/type1/public/cm-super/cm-super/sfvt3583.pfb
/texmf-dist/fonts/type1/public/cm-super/cm-super/sfst1200.pfb
/texmf-dist/fonts/type1/public/cm-super/cm-super/sftc1728.pfb
/texmf-dist/fonts/type1/public/cm-super/cm-super/sfbso17.pfb
/texmf-dist/fonts/type1/public/cm-super/cm-super/sfti0700.pfb
/texmf-dist/fonts/type1/public/cm-super/cm-super/sffb1440.pfb
/texmf-dist/fonts/type1/public/cm-super/cm-super/sfrm1095.pfb
/texmf-dist/fonts/type1/public/cm-super/cm-super/sfss3583.pfb
/texmf-dist/fonts/type1/public/cm-super/cm-super/sfbl2488.pfb
/texmf-dist/fonts/type1/public/cm-super/cm-super/sffs0600.pfb
/texmf-dist/fonts/type1/public/cm-super/cm-super/sfxc1200.pfb
/texmf-dist/fonts/type1/public/cm-super/cm-super/sfbl1000.pfb
/texmf-dist/fonts/type1/public/cm-super/cm-super/sfrb2074.pfb
/texmf-dist/fonts/type1/public/cm-super/cm-super/sfsx1000.pfb
/texmf-dist/fonts/type1/public/cm-super/cm-super/sfss0700.pfb
/texmf-dist/fonts/type1/public/cm-super/cm-super/sfxc2074.pfb
/texmf-dist/fonts/type1/public/cm-super/cm-super/sffs2074.pfb
/texmf-dist/fonts/type1/public/cm-super/cm-super/sfci0700.pfb
/texmf-dist/fonts/type1/public/cm-super/cm-super/sfcc0600.pfb
/texmf-dist/fonts/type1/public/cm-super/cm-super/sfst2074.pfb
/texmf-dist/fonts/type1/public/cm-super/cm-super/sfit0800.pfb
/texmf-dist/fonts/type1/public/cm-super/cm-super/sfsx1728.pfb
/texmf-dist/fonts/type1/public/cm-super/cm-super/sftt1728.pfb
/texmf-dist/fonts/type1/public/cm-super/cm-super/sfbm1000.pfb
/texmf-dist/fonts/type1/public/cm-super/cm-super/sfrm3583.pfb
/texmf-dist/fonts/type1/public/cm-super/cm-super/sfbbx10.pfb
/texmf-dist/fonts/type1/public/cm-super/cm-super/sfvt1000.pfb
/texmf-dist/fonts/type1/public/cm-super/cm-super/sfrm1728.pfb
/texmf-dist/fonts/type1/public/cm-super/cm-super/sfoc0700.pfb
/texmf-dist/fonts/type1/public/cm-super/cm-super/sfbmr9.pfb
/texmf-dist/fonts/type1/public/cm-super/cm-super/sfui0500.pfb
/texmf-dist/fonts/type1/public/cm-super/cm-super/isfli8.pfb
/texmf-dist/fonts/type1/public/cm-super/cm-super/sfvi3583.pfb
/texmf-dist/fonts/type1/public/cm-super/cm-super/sfrb0800.pfb
/texmf-dist/fonts/type1/public/cm-super/cm-super/sflb8.pfb
/texmf-dist/fonts/type1/public/cm-super/cm-super/sfti1200.pfb
/texmf-dist/fonts/type1/public/cm-super/cm-super/sfvt1728.pfb
/texmf-dist/fonts/type1/public/cm-super/cm-super/sfcc0500.pfb
/texmf-dist/fonts/type1/public/cm-super/cm-super/sfbm2074.pfb
/texmf-dist/fonts/type1/public/cm-super/cm-super/sffs0900.pfb
/texmf-dist/fonts/type1/public/cm-super/cm-super/sfvt0900.pfb
/texmf-dist/fonts/type1/public/cm-super/cm-super/sfvi2986.pfb
/texmf-dist/fonts/type1/public/cm-super/cm-super/sfso1440.pfb
/texmf-dist/fonts/type1/public/cm-super/cm-super/sfbl1095.pfb
/texmf-dist/fonts/type1/public/cm-super/cm-super/sfff1200.pfb
/texmf-dist/fonts/type1/public/cm-super/cm-super/sfso1000.pfb
/texmf-dist/fonts/type1/public/cm-super/cm-super/sfrb0600.pfb
/texmf-dist/fonts/type1/public/cm-super/cm-super/sfst1095.pfb
/texmf-dist/fonts/type1/public/cm-super/cm-super/sfss2488.pfb
/texmf-dist/fonts/type1/public/cm-super/cm-super/sfci0800.pfb
/texmf-dist/fonts/type1/public/cm-super/cm-super/sfvt0800.pfb
/texmf-dist/fonts/type1/public/cm-super/cm-super/sfbi2488.pfb
/texmf-dist/fonts/type1/public/cm-super/cm-super/sfbmo8.pfb
/texmf-dist/fonts/type1/public/cm-super/cm-super/sffs0800.pfb
/texmf-dist/fonts/type1/public/cm-super/cm-super/sfbmo10.pfb
/texmf-dist/fonts/type1/public/cm-super/cm-super/sfsx1095.pfb
/texmf-dist/fonts/type1/public/cm-super/cm-super/sfbm0700.pfb
/texmf-dist/fonts/type1/public/cm-super/cm-super/sfsl1095.pfb
/texmf-dist/fonts/type1/public/cm-super/cm-super/sfsc2488.pfb
/texmf-dist/fonts/type1/public/cm-super/cm-super/sfrm0800.pfb
/texmf-dist/fonts/type1/public/cm-super/cm-super/sfci0600.pfb
/texmf-dist/fonts/type1/public/cm-super/cm-super/isflb8.pfb
/texmf-dist/fonts/type1/public/cm-super/cm-super/sfci0500.pfb
/texmf-dist/fonts/type1/public/cm-super/cm-super/sfsx2074.pfb
/texmf-dist/fonts/type1/public/cm-super/cm-super/sflo8.pfb
/texmf-dist/fonts/type1/public/cm-super/cm-super/sfsl1728.pfb
/texmf-dist/fonts/type1/public/cm-super/cm-super/sfbl1728.pfb
/texmf-dist/fonts/type1/public/cm-super/cm-super/sfso0500.pfb
/texmf-dist/fonts/type1/public/cm-super/cm-super/sftc2074.pfb
/texmf-dist/fonts/type1/public/cm-super/cm-super/sfui2488.pfb
/texmf-dist/fonts/type1/public/cm-super/cm-super/sfti0600.pfb
/texmf-dist/fonts/type1/public/cm-super/cm-super/sffi1200.pfb
/texmf-dist/fonts/type1/public/cm-super/cm-super/sfit1440.pfb
/texmf-dist/fonts/type1/public/cm-super/cm-super/sfssdc10.pfb
/texmf-dist/fonts/type1/public/cm-super/cm-super/sftc1095.pfb
/texmf-dist/fonts/type1/public/cm-super/cm-super/sfti1000.pfb
/texmf-dist/fonts/type1/public/cm-super/cm-super/sfdh2074.pfb
/texmf-dist/fonts/type1/public/cm-super/cm-super/sfti3583.pfb
/texmf-dist/fonts/type1/public/cm-super/cm-super/sffi0900.pfb
/texmf-dist/fonts/type1/public/cm-super/cm-super/sfst1440.pfb
/texmf-dist/fonts/type1/public/cm-super/cm-super/sfst0900.pfb
/texmf-dist/fonts/type1/public/cm-super/cm-super/sfff0900.pfb
/texmf-dist/fonts/type1/public/cm-super/cm-super/sfss1200.pfb
/texmf-dist/fonts/type1/public/cm-super/cm-super/sfdh0600.pfb
/texmf-dist/fonts/type1/public/cm-super/cm-super/sfcc2488.pfb
/texmf-dist/fonts/type1/public/cm-super/cm-super/sffb2074.pfb
/texmf-dist/fonts/type1/public/cm-super/cm-super/sfoc0500.pfb
/texmf-dist/fonts/type1/public/cm-super/cm-super/sfff1440.pfb
/texmf-dist/fonts/type1/public/cm-super/cm-super/sfbmo9.pfb
/texmf-dist/fonts/type1/public/cm-super/cm-super/sfso1200.pfb
/texmf-dist/fonts/type1/public/cm-super/cm-super/sfsl0700.pfb
/texmf-dist/fonts/type1/public/cm-super/cm-super/sfcc1200.pfb
/texmf-dist/fonts/type1/public/cm-super/cm-super/sfosl7.pfb
/texmf-dist/fonts/type1/public/cm-super/cm-super/sfss0600.pfb
/texmf-dist/fonts/type1/public/cm-super/cm-super/sfbl2074.pfb
/texmf-dist/fonts/type1/public/cm-super/cm-super/sffi1728.pfb
/texmf-dist/fonts/type1/public/cm-super/cm-super/sfbi1728.pfb
/texmf-dist/fonts/type1/public/cm-super/cm-super/sfbx0700.pfb
/texmf-dist/fonts/type1/public/cm-super/cm-super/sfcc0700.pfb
/texmf-dist/fonts/type1/public/cm-super/cm-super/sfsi1728.pfb
/texmf-dist/fonts/type1/public/cm-super/cm-super/sfsx3583.pfb
/texmf-dist/fonts/type1/public/cm-super/cm-super/sfst1728.pfb
/texmf-dist/fonts/type1/public/cm-super/cm-super/sfdh1728.pfb
/texmf-dist/fonts/type1/public/cm-super/cm-super/sfbto10.pfb
/texmf-dist/fonts/type1/public/cm-super/cm-super/sfosl6.pfb
/texmf-dist/fonts/type1/public/cm-super/cm-super/sfsc3583.pfb
/texmf-dist/fonts/type1/public/cm-super/cm-super/sfdh1200.pfb
/texmf-dist/fonts/type1/public/cm-super/cm-super/sfsl0900.pfb
/texmf-dist/fonts/type1/public/cm-super/cm-super/sfbl2986.pfb
/texmf-dist/fonts/type1/public/cm-super/cm-super/sfosl10.pfb
/texmf-dist/fonts/type1/public/cm-super/cm-super/sfxc2488.pfb
/texmf-dist/fonts/type1/public/cm-super/cm-super/sfdh0900.pfb
/texmf-dist/fonts/type1/public/cm-super/cm-super/sfbi0500.pfb
/texmf-dist/fonts/type1/public/cm-super/cm-super/sfbtl10.pfb
/texmf-dist/fonts/type1/public/cm-super/cm-super/sform9.pfb
/texmf-dist/fonts/type1/public/cm-super/cm-super/sfso2488.pfb
/texmf-dist/fonts/type1/public/cm-super/cm-super/sfti2488.pfb
/texmf-dist/fonts/type1/public/cm-super/cm-super/sfdh1000.pfb
/texmf-dist/fonts/type1/public/cm-super/cm-super/sfxc0500.pfb
/texmf-dist/fonts/type1/public/cm-super/cm-super/sfvi2074.pfb
/texmf-dist/fonts/type1/public/cm-super/cm-super/sfrm0600.pfb
/texmf-dist/fonts/type1/public/cm-super/cm-super/sfrb0700.pfb
/texmf-dist/fonts/type1/public/cm-super/cm-super/sfli8.pfb
/texmf-dist/fonts/type1/public/cm-super/cm-super/sfbm0900.pfb
/texmf-dist/fonts/type1/public/cm-super/cm-super/sfrm1200.pfb
/texmf-dist/fonts/type1/public/cm-super/cm-super/sftc1000.pfb
/texmf-dist/fonts/type1/public/cm-super/cm-super/sfrm0500.pfb
/texmf-dist/fonts/type1/public/amsfonts/amsfonts/euler/eufb7.pfb
/texmf-dist/fonts/type1/public/amsfonts/amsfonts/euler/eurb10.pfb
/texmf-dist/fonts/type1/public/amsfonts/amsfonts/euler/eurm7.pfb
/texmf-dist/fonts/type1/public/amsfonts/amsfonts/euler/eufm7.pfm
/texmf-dist/fonts/type1/public/amsfonts/amsfonts/euler/eufm10.pfm
/texmf-dist/fonts/type1/public/amsfonts/amsfonts/euler/eusm10.pfm
/texmf-dist/fonts/type1/public/amsfonts/amsfonts/euler/eusm5.pfb
/texmf-dist/fonts/type1/public/amsfonts/amsfonts/euler/euex9.pfb
/texmf-dist/fonts/type1/public/amsfonts/amsfonts/euler/eufb10.pfb
/texmf-dist/fonts/type1/public/amsfonts/amsfonts/euler/eusm7.pfm
/texmf-dist/fonts/type1/public/amsfonts/amsfonts/euler/eusb5.pfb
/texmf-dist/fonts/type1/public/amsfonts/amsfonts/euler/eurm10.pfm
/texmf-dist/fonts/type1/public/amsfonts/amsfonts/euler/eurb10.pfm
/texmf-dist/fonts/type1/public/amsfonts/amsfonts/euler/eufm5.pfm
/texmf-dist/fonts/type1/public/amsfonts/amsfonts/euler/eurm7.pfm
/texmf-dist/fonts/type1/public/amsfonts/amsfonts/euler/eusm7.pfb
/texmf-dist/fonts/type1/public/amsfonts/amsfonts/euler/eurb7.pfb
/texmf-dist/fonts/type1/public/amsfonts/amsfonts/euler/eusm10.pfb
/texmf-dist/fonts/type1/public/amsfonts/amsfonts/euler/eusb10.pfb
/texmf-dist/fonts/type1/public/amsfonts/amsfonts/euler/eufb7.pfm
/texmf-dist/fonts/type1/public/amsfonts/amsfonts/euler/eurb5.pfm
/texmf-dist/fonts/type1/public/amsfonts/amsfonts/euler/eurm10.pfb
/texmf-dist/fonts/type1/public/amsfonts/amsfonts/euler/eufm5.pfb
/texmf-dist/fonts/type1/public/amsfonts/amsfonts/euler/eufb5.pfm
/texmf-dist/fonts/type1/public/amsfonts/amsfonts/euler/eusb7.pfb
/texmf-dist/fonts/type1/public/amsfonts/amsfonts/euler/eusm5.pfm
/texmf-dist/fonts/type1/public/amsfonts/amsfonts/euler/euex9.pfm
/texmf-dist/fonts/type1/public/amsfonts/amsfonts/euler/eurb5.pfb
/texmf-dist/fonts/type1/public/amsfonts/amsfonts/euler/euex7.pfb
/texmf-dist/fonts/type1/public/amsfonts/amsfonts/euler/eufm7.pfb
/texmf-dist/fonts/type1/public/amsfonts/amsfonts/euler/euex7.pfm
/texmf-dist/fonts/type1/public/amsfonts/amsfonts/euler/euex8.pfm
/texmf-dist/fonts/type1/public/amsfonts/amsfonts/euler/eusb5.pfm
/texmf-dist/fonts/type1/public/amsfonts/amsfonts/euler/eurb7.pfm
/texmf-dist/fonts/type1/public/amsfonts/amsfonts/euler/eurm5.pfb
/texmf-dist/fonts/type1/public/amsfonts/amsfonts/euler/euex10.pfb
/texmf-dist/fonts/type1/public/amsfonts/amsfonts/euler/eufm10.pfb
/texmf-dist/fonts/type1/public/amsfonts/amsfonts/euler/eusb7.pfm
/texmf-dist/fonts/type1/public/amsfonts/amsfonts/euler/euex8.pfb
/texmf-dist/fonts/type1/public/amsfonts/amsfonts/euler/eurm5.pfm
/texmf-dist/fonts/type1/public/amsfonts/amsfonts/euler/eufb5.pfb
/texmf-dist/fonts/type1/public/amsfonts/amsfonts/euler/eufb10.pfm
/texmf-dist/fonts/type1/public/amsfonts/amsfonts/euler/euex10.pfm
/texmf-dist/fonts/type1/public/amsfonts/amsfonts/euler/eusb10.pfm
/texmf-dist/fonts/type1/public/amsfonts/amsfonts/symbols/msam9.pfb
/texmf-dist/fonts/type1/public/amsfonts/amsfonts/symbols/msam8.pfm
/texmf-dist/fonts/type1/public/amsfonts/amsfonts/symbols/msam6.pfb
/texmf-dist/fonts/type1/public/amsfonts/amsfonts/symbols/msbm9.pfm
/texmf-dist/fonts/type1/public/amsfonts/amsfonts/symbols/msbm10.pfb
/texmf-dist/fonts/type1/public/amsfonts/amsfonts/symbols/msam6.pfm
/texmf-dist/fonts/type1/public/amsfonts/amsfonts/symbols/msbm6.pfm
/texmf-dist/fonts/type1/public/amsfonts/amsfonts/symbols/msbm8.pfm
/texmf-dist/fonts/type1/public/amsfonts/amsfonts/symbols/msbm5.pfm
/texmf-dist/fonts/type1/public/amsfonts/amsfonts/symbols/msbm7.pfb
/texmf-dist/fonts/type1/public/amsfonts/amsfonts/symbols/msam8.pfb
/texmf-dist/fonts/type1/public/amsfonts/amsfonts/symbols/msam9.pfm
/texmf-dist/fonts/type1/public/amsfonts/amsfonts/symbols/msbm9.pfb
/texmf-dist/fonts/type1/public/amsfonts/amsfonts/symbols/msbm8.pfb
/texmf-dist/fonts/type1/public/amsfonts/amsfonts/symbols/msbm5.pfb
/texmf-dist/fonts/type1/public/amsfonts/amsfonts/symbols/msbm10.pfm
/texmf-dist/fonts/type1/public/amsfonts/amsfonts/symbols/msam5.pfm
/texmf-dist/fonts/type1/public/amsfonts/amsfonts/symbols/msbm7.pfm
/texmf-dist/fonts/type1/public/amsfonts/amsfonts/symbols/msam5.pfb
/texmf-dist/fonts/type1/public/amsfonts/amsfonts/symbols/msam10.pfm
/texmf-dist/fonts/type1/public/amsfonts/amsfonts/symbols/msam7.pfm
/texmf-dist/fonts/type1/public/amsfonts/amsfonts/symbols/msam10.pfb
/texmf-dist/fonts/type1/public/amsfonts/amsfonts/symbols/msam7.pfb
/texmf-dist/fonts/type1/public/amsfonts/amsfonts/symbols/msbm6.pfb
/texmf-dist/fonts/type1/public/amsfonts/amsfonts/cm/cmu10.pfb
/texmf-dist/fonts/type1/public/amsfonts/amsfonts/cm/cmff10.pfm
/texmf-dist/fonts/type1/public/amsfonts/amsfonts/cm/cmssi9.pfb
/texmf-dist/fonts/type1/public/amsfonts/amsfonts/cm/cmsy10.pfb
/texmf-dist/fonts/type1/public/amsfonts/amsfonts/cm/cmr5.pfm
/texmf-dist/fonts/type1/public/amsfonts/amsfonts/cm/cmbx5.pfm
/texmf-dist/fonts/type1/public/amsfonts/amsfonts/cm/cmtex8.pfm
/texmf-dist/fonts/type1/public/amsfonts/amsfonts/cm/cmbxti10.pfb
/texmf-dist/fonts/type1/public/amsfonts/amsfonts/cm/cmti10.pfb
/texmf-dist/fonts/type1/public/amsfonts/amsfonts/cm/cmssi17.pfb
/texmf-dist/fonts/type1/public/amsfonts/amsfonts/cm/cmr10.pfb
/texmf-dist/fonts/type1/public/amsfonts/amsfonts/cm/cmfib8.pfm
/texmf-dist/fonts/type1/public/amsfonts/amsfonts/cm/cmssi9.pfm
/texmf-dist/fonts/type1/public/amsfonts/amsfonts/cm/cmbx10.pfm
/texmf-dist/fonts/type1/public/amsfonts/amsfonts/cm/cmvtt10.pfm
/texmf-dist/fonts/type1/public/amsfonts/amsfonts/cm/cmr5.pfb
/texmf-dist/fonts/type1/public/amsfonts/amsfonts/cm/cmdunh10.pfb
/texmf-dist/fonts/type1/public/amsfonts/amsfonts/cm/cmsy8.pfm
/texmf-dist/fonts/type1/public/amsfonts/amsfonts/cm/cmr10.pfm
/texmf-dist/fonts/type1/public/amsfonts/amsfonts/cm/cmssqi8.pfm
/texmf-dist/fonts/type1/public/amsfonts/amsfonts/cm/cmbx9.pfm
/texmf-dist/fonts/type1/public/amsfonts/amsfonts/cm/cmtex9.pfb
/texmf-dist/fonts/type1/public/amsfonts/amsfonts/cm/cmitt10.pfb
/texmf-dist/fonts/type1/public/amsfonts/amsfonts/cm/cmsl12.pfb
/texmf-dist/fonts/type1/public/amsfonts/amsfonts/cm/cmtt8.pfb
/texmf-dist/fonts/type1/public/amsfonts/amsfonts/cm/cmmi9.pfb
/texmf-dist/fonts/type1/public/amsfonts/amsfonts/cm/cmti12.pfb
/texmf-dist/fonts/type1/public/amsfonts/amsfonts/cm/cmssq8.pfm
/texmf-dist/fonts/type1/public/amsfonts/amsfonts/cm/cmr8.pfm
/texmf-dist/fonts/type1/public/amsfonts/amsfonts/cm/cmex10.pfb
/texmf-dist/fonts/type1/public/amsfonts/amsfonts/cm/cmsy7.pfm
/texmf-dist/fonts/type1/public/amsfonts/amsfonts/cm/cmss9.pfb
/texmf-dist/fonts/type1/public/amsfonts/amsfonts/cm/cmtex10.pfb
/texmf-dist/fonts/type1/public/amsfonts/amsfonts/cm/cmti10.pfm
/texmf-dist/fonts/type1/public/amsfonts/amsfonts/cm/cmmi9.pfm
/texmf-dist/fonts/type1/public/amsfonts/amsfonts/cm/cmssi8.pfm
/texmf-dist/fonts/type1/public/amsfonts/amsfonts/cm/cmtt12.pfb
/texmf-dist/fonts/type1/public/amsfonts/amsfonts/cm/cmfib8.pfb
/texmf-dist/fonts/type1/public/amsfonts/amsfonts/cm/cmmib10.pfm
/texmf-dist/fonts/type1/public/amsfonts/amsfonts/cm/cmr9.pfb
/texmf-dist/fonts/type1/public/amsfonts/amsfonts/cm/cmsy8.pfb
/texmf-dist/fonts/type1/public/amsfonts/amsfonts/cm/cmtex10.pfm
/texmf-dist/fonts/type1/public/amsfonts/amsfonts/cm/cmti9.pfm
/texmf-dist/fonts/type1/public/amsfonts/amsfonts/cm/cmssdc10.pfb
/texmf-dist/fonts/type1/public/amsfonts/amsfonts/cm/cmtcsc10.pfm
/texmf-dist/fonts/type1/public/amsfonts/amsfonts/cm/cmitt10.pfm
/texmf-dist/fonts/type1/public/amsfonts/amsfonts/cm/cmsltt10.pfb
/texmf-dist/fonts/type1/public/amsfonts/amsfonts/cm/cmmi12.pfm
/texmf-dist/fonts/type1/public/amsfonts/amsfonts/cm/cmsl8.pfm
/texmf-dist/fonts/type1/public/amsfonts/amsfonts/cm/cmbx7.pfb
/texmf-dist/fonts/type1/public/amsfonts/amsfonts/cm/cmss12.pfm
/texmf-dist/fonts/type1/public/amsfonts/amsfonts/cm/cmss12.pfb
/texmf-dist/fonts/type1/public/amsfonts/amsfonts/cm/cmmi8.pfm
/texmf-dist/fonts/type1/public/amsfonts/amsfonts/cm/cmsl12.pfm
/texmf-dist/fonts/type1/public/amsfonts/amsfonts/cm/cmbx7.pfm
/texmf-dist/fonts/type1/public/amsfonts/amsfonts/cm/cmtex8.pfb
/texmf-dist/fonts/type1/public/amsfonts/amsfonts/cm/cmbx5.pfb
/texmf-dist/fonts/type1/public/amsfonts/amsfonts/cm/cmss10.pfb
/texmf-dist/fonts/type1/public/amsfonts/amsfonts/cm/cmmi10.pfb
/texmf-dist/fonts/type1/public/amsfonts/amsfonts/cm/cmsy6.pfb
/texmf-dist/fonts/type1/public/amsfonts/amsfonts/cm/cmbx12.pfm
/texmf-dist/fonts/type1/public/amsfonts/amsfonts/cm/cmsl9.pfm
/texmf-dist/fonts/type1/public/amsfonts/amsfonts/cm/cmsl10.pfb
/texmf-dist/fonts/type1/public/amsfonts/amsfonts/cm/cmbx8.pfm
/texmf-dist/fonts/type1/public/amsfonts/amsfonts/cm/cmmi6.pfb
/texmf-dist/fonts/type1/public/amsfonts/amsfonts/cm/cmbsy10.pfm
/texmf-dist/fonts/type1/public/amsfonts/amsfonts/cm/cmsy5.pfm
/texmf-dist/fonts/type1/public/amsfonts/amsfonts/cm/cmtt8.pfm
/texmf-dist/fonts/type1/public/amsfonts/amsfonts/cm/cmmi6.pfm
/texmf-dist/fonts/type1/public/amsfonts/amsfonts/cm/cmr6.pfm
/texmf-dist/fonts/type1/public/amsfonts/amsfonts/cm/cmtt12.pfm
/texmf-dist/fonts/type1/public/amsfonts/amsfonts/cm/cmti9.pfb
/texmf-dist/fonts/type1/public/amsfonts/amsfonts/cm/cmbx6.pfm
/texmf-dist/fonts/type1/public/amsfonts/amsfonts/cm/cmssi17.pfm
/texmf-dist/fonts/type1/public/amsfonts/amsfonts/cm/cmr8.pfb
/texmf-dist/fonts/type1/public/amsfonts/amsfonts/cm/cmex10.pfm
/texmf-dist/fonts/type1/public/amsfonts/amsfonts/cm/cmr12.pfm
/texmf-dist/fonts/type1/public/amsfonts/amsfonts/cm/cmcsc10.pfm
/texmf-dist/fonts/type1/public/amsfonts/amsfonts/cm/cmvtt10.pfb
/texmf-dist/fonts/type1/public/amsfonts/amsfonts/cm/cmff10.pfb
/texmf-dist/fonts/type1/public/amsfonts/amsfonts/cm/cmmi7.pfm
/texmf-dist/fonts/type1/public/amsfonts/amsfonts/cm/cminch.pfb
/texmf-dist/fonts/type1/public/amsfonts/amsfonts/cm/cminch.pfm
/texmf-dist/fonts/type1/public/amsfonts/amsfonts/cm/cmssi12.pfm
/texmf-dist/fonts/type1/public/amsfonts/amsfonts/cm/cmsy6.pfm
/texmf-dist/fonts/type1/public/amsfonts/amsfonts/cm/cmbxti10.pfm
/texmf-dist/fonts/type1/public/amsfonts/amsfonts/cm/cmssqi8.pfb
/texmf-dist/fonts/type1/public/amsfonts/amsfonts/cm/cmbx12.pfb
/texmf-dist/fonts/type1/public/amsfonts/amsfonts/cm/cmr7.pfm
/texmf-dist/fonts/type1/public/amsfonts/amsfonts/cm/cmss10.pfm
/texmf-dist/fonts/type1/public/amsfonts/amsfonts/cm/cmmi5.pfb
/texmf-dist/fonts/type1/public/amsfonts/amsfonts/cm/cmssbx10.pfb
/texmf-dist/fonts/type1/public/amsfonts/amsfonts/cm/cmfi10.pfb
/texmf-dist/fonts/type1/public/amsfonts/amsfonts/cm/cmr17.pfb
/texmf-dist/fonts/type1/public/amsfonts/amsfonts/cm/cmsy9.pfm
/texmf-dist/fonts/type1/public/amsfonts/amsfonts/cm/cmb10.pfm
/texmf-dist/fonts/type1/public/amsfonts/amsfonts/cm/cmdunh10.pfm
/texmf-dist/fonts/type1/public/amsfonts/amsfonts/cm/cmbsy10.pfb
/texmf-dist/fonts/type1/public/amsfonts/amsfonts/cm/cmssi10.pfb
/texmf-dist/fonts/type1/public/amsfonts/amsfonts/cm/cmssbx10.pfm
/texmf-dist/fonts/type1/public/amsfonts/amsfonts/cm/cmss17.pfm
/texmf-dist/fonts/type1/public/amsfonts/amsfonts/cm/cmr17.pfm
/texmf-dist/fonts/type1/public/amsfonts/amsfonts/cm/cmsl9.pfb
/texmf-dist/fonts/type1/public/amsfonts/amsfonts/cm/cmtcsc10.pfb
/texmf-dist/fonts/type1/public/amsfonts/amsfonts/cm/cmtt9.pfb
/texmf-dist/fonts/type1/public/amsfonts/amsfonts/cm/cmmi10.pfm
/texmf-dist/fonts/type1/public/amsfonts/amsfonts/cm/cmsy10.pfm
/texmf-dist/fonts/type1/public/amsfonts/amsfonts/cm/cmss8.pfb
/texmf-dist/fonts/type1/public/amsfonts/amsfonts/cm/cmbx10.pfb
/texmf-dist/fonts/type1/public/amsfonts/amsfonts/cm/cmbx8.pfb
/texmf-dist/fonts/type1/public/amsfonts/amsfonts/cm/cmss9.pfm
/texmf-dist/fonts/type1/public/amsfonts/amsfonts/cm/cmsltt10.pfm
/texmf-dist/fonts/type1/public/amsfonts/amsfonts/cm/cmti8.pfb
/texmf-dist/fonts/type1/public/amsfonts/amsfonts/cm/cmti12.pfm
/texmf-dist/fonts/type1/public/amsfonts/amsfonts/cm/cmsl10.pfm
/texmf-dist/fonts/type1/public/amsfonts/amsfonts/cm/cmbxsl10.pfm
/texmf-dist/fonts/type1/public/amsfonts/amsfonts/cm/cmr6.pfb
/texmf-dist/fonts/type1/public/amsfonts/amsfonts/cm/cmssq8.pfb
/texmf-dist/fonts/type1/public/amsfonts/amsfonts/cm/cmcsc10.pfb
/texmf-dist/fonts/type1/public/amsfonts/amsfonts/cm/cmmi5.pfm
/texmf-dist/fonts/type1/public/amsfonts/amsfonts/cm/cmti8.pfm
/texmf-dist/fonts/type1/public/amsfonts/amsfonts/cm/cmsy5.pfb
/texmf-dist/fonts/type1/public/amsfonts/amsfonts/cm/cmu10.pfm
/texmf-dist/fonts/type1/public/amsfonts/amsfonts/cm/cmr7.pfb
/texmf-dist/fonts/type1/public/amsfonts/amsfonts/cm/cmss8.pfm
/texmf-dist/fonts/type1/public/amsfonts/amsfonts/cm/cmss17.pfb
/texmf-dist/fonts/type1/public/amsfonts/amsfonts/cm/cmbx9.pfb
/texmf-dist/fonts/type1/public/amsfonts/amsfonts/cm/cmbxsl10.pfb
/texmf-dist/fonts/type1/public/amsfonts/amsfonts/cm/cmb10.pfb
/texmf-dist/fonts/type1/public/amsfonts/amsfonts/cm/cmssi8.pfb
/texmf-dist/fonts/type1/public/amsfonts/amsfonts/cm/cmmi12.pfb
/texmf-dist/fonts/type1/public/amsfonts/amsfonts/cm/cmti7.pfb
/texmf-dist/fonts/type1/public/amsfonts/amsfonts/cm/cmsl8.pfb
/texmf-dist/fonts/type1/public/amsfonts/amsfonts/cm/cmssi10.pfm
/texmf-dist/fonts/type1/public/amsfonts/amsfonts/cm/cmssi12.pfb
/texmf-dist/fonts/type1/public/amsfonts/amsfonts/cm/cmtt9.pfm
/texmf-dist/fonts/type1/public/amsfonts/amsfonts/cm/cmti7.pfm
/texmf-dist/fonts/type1/public/amsfonts/amsfonts/cm/cmr9.pfm
/texmf-dist/fonts/type1/public/amsfonts/amsfonts/cm/cmssdc10.pfm
/texmf-dist/fonts/type1/public/amsfonts/amsfonts/cm/cmbx6.pfb
/texmf-dist/fonts/type1/public/amsfonts/amsfonts/cm/cmr12.pfb
/texmf-dist/fonts/type1/public/amsfonts/amsfonts/cm/cmsy9.pfb
/texmf-dist/fonts/type1/public/amsfonts/amsfonts/cm/cmfi10.pfm
/texmf-dist/fonts/type1/public/amsfonts/amsfonts/cm/cmmi7.pfb
/texmf-dist/fonts/type1/public/amsfonts/amsfonts/cm/cmsy7.pfb
/texmf-dist/fonts/type1/public/amsfonts/amsfonts/cm/cmmi8.pfb
/texmf-dist/fonts/type1/public/amsfonts/amsfonts/cm/cmmib10.pfb
/texmf-dist/fonts/type1/public/amsfonts/amsfonts/cm/cmtt10.pfb
/texmf-dist/fonts/type1/public/amsfonts/amsfonts/cm/cmtex9.pfm
/texmf-dist/fonts/type1/public/amsfonts/amsfonts/cm/cmtt10.pfm
/texmf-dist/fonts/type1/public/amsfonts/amsfonts/latxfont/lcircle1.pfm
/texmf-dist/fonts/type1/public/amsfonts/amsfonts/latxfont/lcirclew.pfb
/texmf-dist/fonts/type1/public/amsfonts/amsfonts/latxfont/lasy7.pfb
/texmf-dist/fonts/type1/public/amsfonts/amsfonts/latxfont/lasyb10.pfm
/texmf-dist/fonts/type1/public/amsfonts/amsfonts/latxfont/lcmss8.pfb
/texmf-dist/fonts/type1/public/amsfonts/amsfonts/latxfont/lasyb10.pfb
/texmf-dist/fonts/type1/public/amsfonts/amsfonts/latxfont/lasy6.pfb
/texmf-dist/fonts/type1/public/amsfonts/amsfonts/latxfont/lcmssi8.pfm
/texmf-dist/fonts/type1/public/amsfonts/amsfonts/latxfont/line10.pfm
/texmf-dist/fonts/type1/public/amsfonts/amsfonts/latxfont/lcmss8.pfm
/texmf-dist/fonts/type1/public/amsfonts/amsfonts/latxfont/lasy9.pfm
/texmf-dist/fonts/type1/public/amsfonts/amsfonts/latxfont/lcircle1.pfb
/texmf-dist/fonts/type1/public/amsfonts/amsfonts/latxfont/lasy6.pfm
/texmf-dist/fonts/type1/public/amsfonts/amsfonts/latxfont/lcmssi8.pfb
/texmf-dist/fonts/type1/public/amsfonts/amsfonts/latxfont/lasy9.pfb
/texmf-dist/fonts/type1/public/amsfonts/amsfonts/latxfont/linew10.pfm
/texmf-dist/fonts/type1/public/amsfonts/amsfonts/latxfont/lasy8.pfm
/texmf-dist/fonts/type1/public/amsfonts/amsfonts/latxfont/lasy8.pfb
/texmf-dist/fonts/type1/public/amsfonts/amsfonts/latxfont/lasy7.pfm
/texmf-dist/fonts/type1/public/amsfonts/amsfonts/latxfont/linew10.pfb
/texmf-dist/fonts/type1/public/amsfonts/amsfonts/latxfont/lcmssb8.pfb
/texmf-dist/fonts/type1/public/amsfonts/amsfonts/latxfont/line10.pfb
/texmf-dist/fonts/type1/public/amsfonts/amsfonts/latxfont/lasy5.pfb
/texmf-dist/fonts/type1/public/amsfonts/amsfonts/latxfont/lasy5.pfm
/texmf-dist/fonts/type1/public/amsfonts/amsfonts/latxfont/lcmssb8.pfm
/texmf-dist/fonts/type1/public/amsfonts/amsfonts/latxfont/lcirclew.pfm
/texmf-dist/fonts/type1/public/amsfonts/amsfonts/latxfont/lasy10.pfb
/texmf-dist/fonts/type1/public/amsfonts/amsfonts/latxfont/lasy10.pfm
/texmf-dist/fonts/type1/public/amsfonts/amsfonts/cyrillic/wncyi10.pfm
/texmf-dist/fonts/type1/public/amsfonts/amsfonts/cyrillic/wncyb10.pfm
/texmf-dist/fonts/type1/public/amsfonts/amsfonts/cyrillic/wncyb10.pfb
/texmf-dist/fonts/type1/public/amsfonts/amsfonts/cyrillic/wncyi10.pfb
/texmf-dist/fonts/type1/public/amsfonts/amsfonts/cyrillic/wncyr10.pfm
/texmf-dist/fonts/type1/public/amsfonts/amsfonts/cyrillic/wncyss10.pfb
/texmf-dist/fonts/type1/public/amsfonts/amsfonts/cyrillic/wncyss10.pfm
/texmf-dist/fonts/type1/public/amsfonts/amsfonts/cyrillic/wncyr10.pfb
/texmf-dist/fonts/type1/public/amsfonts/amsfonts/cyrillic/wncysc10.pfm
/texmf-dist/fonts/type1/public/amsfonts/amsfonts/cyrillic/wncysc10.pfb
/texmf-dist/fonts/type1/public/amsfonts/amsfonts/cmextra/cmmib9.pfb
/texmf-dist/fonts/type1/public/amsfonts/amsfonts/cmextra/cmbsy9.pfm
/texmf-dist/fonts/type1/public/amsfonts/amsfonts/cmextra/cmex7.pfm
/texmf-dist/fonts/type1/public/amsfonts/amsfonts/cmextra/cmex9.pfm
/texmf-dist/fonts/type1/public/amsfonts/amsfonts/cmextra/cmbsy8.pfb
/texmf-dist/fonts/type1/public/amsfonts/amsfonts/cmextra/cmbsy6.pfm
/texmf-dist/fonts/type1/public/amsfonts/amsfonts/cmextra/cmbsy6.pfb
/texmf-dist/fonts/type1/public/amsfonts/amsfonts/cmextra/cmmib6.pfb
/texmf-dist/fonts/type1/public/amsfonts/amsfonts/cmextra/cmbsy7.pfm
/texmf-dist/fonts/type1/public/amsfonts/amsfonts/cmextra/cmbsy5.pfm
/texmf-dist/fonts/type1/public/amsfonts/amsfonts/cmextra/cmex7.pfb
/texmf-dist/fonts/type1/public/amsfonts/amsfonts/cmextra/cmbsy7.pfb
/texmf-dist/fonts/type1/public/amsfonts/amsfonts/cmextra/cmmib9.pfm
/texmf-dist/fonts/type1/public/amsfonts/amsfonts/cmextra/cmmib5.pfm
/texmf-dist/fonts/type1/public/amsfonts/amsfonts/cmextra/cmbsy5.pfb
/texmf-dist/fonts/type1/public/amsfonts/amsfonts/cmextra/cmcsc8.pfm
/texmf-dist/fonts/type1/public/amsfonts/amsfonts/cmextra/cmmib5.pfb
/texmf-dist/fonts/type1/public/amsfonts/amsfonts/cmextra/cmex8.pfb
/texmf-dist/fonts/type1/public/amsfonts/amsfonts/cmextra/cmmib8.pfb
/texmf-dist/fonts/type1/public/amsfonts/amsfonts/cmextra/cmbsy8.pfm
/texmf-dist/fonts/type1/public/amsfonts/amsfonts/cmextra/cmmib7.pfb
/texmf-dist/fonts/type1/public/amsfonts/amsfonts/cmextra/cmcsc8.pfb
/texmf-dist/fonts/type1/public/amsfonts/amsfonts/cmextra/cmex9.pfb
/texmf-dist/fonts/type1/public/amsfonts/amsfonts/cmextra/cmcsc9.pfb
/texmf-dist/fonts/type1/public/amsfonts/amsfonts/cmextra/cmmib6.pfm
/texmf-dist/fonts/type1/public/amsfonts/amsfonts/cmextra/cmmib8.pfm
/texmf-dist/fonts/type1/public/amsfonts/amsfonts/cmextra/cmmib7.pfm
/texmf-dist/fonts/type1/public/amsfonts/amsfonts/cmextra/cmbsy9.pfb
/texmf-dist/fonts/type1/public/amsfonts/amsfonts/cmextra/cmex8.pfm
/texmf-dist/fonts/type1/public/amsfonts/amsfonts/cmextra/cmcsc9.pfm
/texmf-dist/fonts/map/dvips/cm-super/cm-super/cm-super-x2.map
/texmf-dist/fonts/map/dvips/cm-super/cm-super/cm-super-ts1.map
/texmf-dist/fonts/map/dvips/cm-super/cm-super/cm-super-t1.map
/texmf-dist/fonts/map/dvips/cm-super/cm-super/cm-super-t2b.map
/texmf-dist/fonts/map/dvips/cm-super/cm-super/cm-super-t2c.map
/texmf-dist/fonts/map/dvips/cm-super/cm-super/cm-super-t2a.map
/texmf-dist/fonts/map/dvips/amsfonts/cmextra.map
/texmf-dist/fonts/enc/dvips/cm-super/cm-super/cm-super-t1.enc
/texmf-dist/fonts/enc/dvips/cm-super/cm-super/cm-super-t2c.enc
/texmf-dist/fonts/enc/dvips/cm-super/cm-super/cm-super-ts1.enc
/texmf-dist/fonts/enc/dvips/cm-super/cm-super/cm-super-t2a.enc
/texmf-dist/fonts/enc/dvips/cm-super/cm-super/cm-super-t2b.enc
/texmf-dist/fonts/enc/dvips/cm-super/cm-super/cm-super-x2.enc
/texmf-dist/fonts/tfm/public/amsfonts/cmextra/cmextra/cmmib6.tfm
/texmf-dist/fonts/tfm/public/amsfonts/cmextra/cmextra/cmbsy6.tfm
/texmf-dist/fonts/tfm/public/amsfonts/cmextra/cmextra/cmmib8.tfm
/texmf-dist/fonts/tfm/public/amsfonts/cmextra/cmextra/cmcsc9.tfm
/texmf-dist/fonts/tfm/public/amsfonts/cmextra/cmextra/cmex8.tfm
/texmf-dist/fonts/tfm/public/amsfonts/cmextra/cmextra/cmmib7.tfm
/texmf-dist/fonts/tfm/public/amsfonts/cmextra/cmextra/cmmib9.tfm
/texmf-dist/fonts/tfm/public/amsfonts/cmextra/cmextra/cmbsy9.tfm
/texmf-dist/fonts/tfm/public/amsfonts/cmextra/cmextra/cmex7.tfm
/texmf-dist/fonts/tfm/public/amsfonts/cmextra/cmextra/cmbsy7.tfm
/texmf-dist/fonts/tfm/public/amsfonts/cmextra/cmextra/cmex9.tfm
/texmf-dist/fonts/tfm/public/amsfonts/cmextra/cmextra/cmmib5.tfm
/texmf-dist/fonts/tfm/public/amsfonts/cmextra/cmextra/cmbsy8.tfm
/texmf-dist/fonts/tfm/public/amsfonts/cmextra/cmextra/cmcsc8.tfm
/texmf-dist/fonts/tfm/public/amsfonts/cmextra/cmextra/cmbsy5.tfm
/texmf-dist/fonts/tfm/public/cmextra/cmextra/gen10.tfm
/texmf-dist/fonts/tfm/public/cmextra/cmextra/cmsytt10.tfm
/texmf-dist/fonts/tfm/public/cmextra/cmextra/cmman.tfm
/texmf-dist/fonts/tfm/public/cmextra/cmextra/cmntt10.tfm
/texmf-dist/fonts/tfm/public/cmextra/cmextra/gen8.tfm
/texmf-dist/fonts/tfm/public/cmextra/cmextra/cmsl6.tfm
/texmf-dist/fonts/tfm/public/cmextra/cmextra/cmssu30.tfm
/texmf-dist/fonts/tfm/public/cmextra/cmextra/diam12.tfm
/texmf-dist/fonts/tfm/public/cmextra/cmextra/cmbxcd10.tfm
/texmf-dist/fonts/tfm/public/cmextra/cmextra/cmitt12.tfm
/texmf-dist/fonts/tfm/public/cmextra/cmextra/cmsslu30.tfm
/texmf-dist/fonts/tfm/public/cmextra/cmextra/bible12.tfm
/texmf-dist/fonts/tfm/public/cmextra/cmextra/cmcscsl10.tfm
/texmf-dist/fonts/tfm/public/cmextra/cmextra/cmfibs8.tfm
/texmf-dist/fonts/tfm/public/cmextra/cmextra/cmssbxo10.tfm
/texmf-dist/fonts/tfm/public/cmextra/cmextra/cmntex10.tfm
/texmf-dist/fonts/tfm/public/cmextra/cmextra/cmitt9.tfm
/texmf-dist/fonts/tfm/public/cmextra/cmextra/gen9.tfm
/texmf-dist/fonts/tfm/public/cmextra/cmextra/cmsltt9.tfm
/texmf-dist/fonts/tfm/public/cmextra/cmextra/cmtim.tfm
/texmf-dist/fonts/tfm/public/cmextra/cmextra/cmbxti12.tfm
/texmf-dist/fonts/tfm/public/cmextra/cmextra/cmvtti10.tfm
/texmf-dist/fonts/tfm/public/cmextra/cmextra/cmbxti7.tfm
/texmf-dist/ls-R
/texmf-dist/web2c/texmf.cnf
/texmf-dist/texconfig/texconfig/v/vt100
/texmf-dist/texconfig/texconfig/tcfmgr.map
/texmf-dist/texconfig/texconfig/g/generic
/texmf-dist/texconfig/texconfig/tcfmgr
/texmf-dist/texconfig/texconfig/README
/texmf-dist/texconfig/texconfig/x/xterm
/texmf-dist/dvips/cm-super/cm-super/config.cm-super
/texmf-dist/dvips/cm-super/cm-super/cm-super.GS
/texmf-dist/tex/latex/standalone/standalone.cls
/texmf-dist/tex/latex/oberdiek/grfext.sty
/texmf-dist/tex/latex/oberdiek/epstopdf-base.sty
/texmf-dist/tex/latex/oberdiek/kvoptions.sty
/texmf-dist/tex/latex/latexconfig/epstopdf-sys.cfg
/texmf-dist/tex/latex/cm-super/cm-super/type1ec.sty
/texmf-dist/tex/latex/babelbib/babelbib/czech.bdf
/texmf-dist/tex/latex/babelbib/babelbib/italian.bdf
/texmf-dist/tex/latex/babelbib/babelbib/babelbib.sty
/texmf-dist/tex/latex/babelbib/babelbib/russian.bdf
/texmf-dist/tex/latex/babelbib/babelbib/danish.bdf
/texmf-dist/tex/latex/babelbib/babelbib/french.bdf
/texmf-dist/tex/latex/babelbib/babelbib/romanian.bdf
/texmf-dist/tex/latex/babelbib/babelbib/spanish.bdf
/texmf-dist/tex/latex/babelbib/babelbib/bahasa.bdf
/texmf-dist/tex/latex/babelbib/babelbib/english.bdf
/texmf-dist/tex/latex/babelbib/babelbib/swedish.bdf
/texmf-dist/tex/latex/babelbib/babelbib/afrikaans.bdf
/texmf-dist/tex/latex/babelbib/babelbib/finnish.bdf
/texmf-dist/tex/latex/babelbib/babelbib/catalan.bdf
/texmf-dist/tex/latex/babelbib/babelbib/portuguese.bdf
/texmf-dist/tex/latex/babelbib/babelbib/croatian.bdf
/texmf-dist/tex/latex/babelbib/babelbib/german.bdf
/texmf-dist/tex/latex/babelbib/babelbib/greek.bdf
/texmf-dist/tex/latex/babelbib/babelbib/dutch.bdf
/texmf-dist/tex/latex/babelbib/babelbib/serbian.bdf
/texmf-dist/tex/latex/babelbib/babelbib/esperanto.bdf
/texmf-dist/tex/latex/babelbib/babelbib/norsk.bdf
/texmf-dist/tex/latex/babelbib/babelbib/galician.bdf
/texmf-dist/tex/latex/base/base/hyphen.ltx
/texmf-dist/tex/latex/base/base/t1enc.dfu
/texmf-dist/tex/latex/base/base/showidx.sty
/texmf-dist/tex/latex/base/base/latexrelease.sty
/texmf-dist/tex/latex/base/base/fonttext.cfg
/texmf-dist/tex/latex/base/base/t1cmss.fd
/texmf-dist/tex/latex/base/base/cp852.def
/texmf-dist/tex/latex/base/base/t1lcmss.fd
/texmf-dist/tex/latex/base/base/exscale.sty
/texmf-dist/tex/latex/base/base/lcyenc.dfu
/texmf-dist/tex/latex/base/base/ltxguide.cls
/texmf-dist/tex/latex/base/base/slides.sty
/texmf-dist/tex/latex/base/base/macce.def
/texmf-dist/tex/latex/base/base/x2enc.dfu
/texmf-dist/tex/latex/base/base/ucmss.fd
/texmf-dist/tex/latex/base/base/latexbug.tex
/texmf-dist/tex/latex/base/base/ts1cmvtt.fd
/texmf-dist/tex/latex/base/base/omlenc.def
/texmf-dist/tex/latex/base/base/ot4enc.def
/texmf-dist/tex/latex/base/base/latex209.def
/texmf-dist/tex/latex/base/base/docstrip.tex
/texmf-dist/tex/latex/base/base/omscmr.fd
/texmf-dist/tex/latex/base/base/fontmath.cfg
/texmf-dist/tex/latex/base/base/testpage.tex
/texmf-dist/tex/latex/base/base/size11.clo
/texmf-dist/tex/latex/base/base/graphpap.sty
/texmf-dist/tex/latex/base/base/t1cmtt.fd
/texmf-dist/tex/latex/base/base/latin5.def
/texmf-dist/tex/latex/base/base/utf8.def
/texmf-dist/tex/latex/base/base/ts1cmtt.fd
/texmf-dist/tex/latex/base/base/sample2e.tex
/texmf-dist/tex/latex/base/base/cp437de.def
/texmf-dist/tex/latex/base/base/omlcmr.fd
/texmf-dist/tex/latex/base/base/article.cls
/texmf-dist/tex/latex/base/base/ltxdoc.cls
/texmf-dist/tex/latex/base/base/ot1cmss.fd
/texmf-dist/tex/latex/base/base/ot1cmr.fd
/texmf-dist/tex/latex/base/base/small2e.tex
/texmf-dist/tex/latex/base/base/fonttext.ltx
/texmf-dist/tex/latex/base/base/report.sty
/texmf-dist/tex/latex/base/base/utf8-test.tex
/texmf-dist/tex/latex/base/base/source2e.tex
/texmf-dist/tex/latex/base/base/ot1lcmss.fd
/texmf-dist/tex/latex/base/base/t1cmdh.fd
/texmf-dist/tex/latex/base/base/ot1enc.dfu
/texmf-dist/tex/latex/base/base/texsys.cfg
/texmf-dist/tex/latex/base/base/latin4.def
/texmf-dist/tex/latex/base/base/preload.cfg
/texmf-dist/tex/latex/base/base/ot1cmdh.fd
/texmf-dist/tex/latex/base/base/ot1cmtt.fd
/texmf-dist/tex/latex/base/base/ansinew.def
/texmf-dist/tex/latex/base/base/cp1252.def
/texmf-dist/tex/latex/base/base/ts1enc.def
/texmf-dist/tex/latex/base/base/proc.sty
/texmf-dist/tex/latex/base/base/latin2.def
/texmf-dist/tex/latex/base/base/latex.ltx
/texmf-dist/tex/latex/base/base/omslcmsy.fd
/texmf-dist/tex/latex/base/base/ly1enc.dfu
/texmf-dist/tex/latex/base/base/t1enc.def
/texmf-dist/tex/latex/base/base/ltnews.cls
/texmf-dist/tex/latex/base/base/bk11.clo
/texmf-dist/tex/latex/base/base/ltluatex.lua
/texmf-dist/tex/latex/base/base/bezier.sty
/texmf-dist/tex/latex/base/base/omscmsy.fd
/texmf-dist/tex/latex/base/base/lablst.tex
/texmf-dist/tex/latex/base/base/latin3.def
/texmf-dist/tex/latex/base/base/size10.clo
/texmf-dist/tex/latex/base/base/idx.tex
/texmf-dist/tex/latex/base/base/minimal.cls
/texmf-dist/tex/latex/base/base/latexsym.sty
/texmf-dist/tex/latex/base/base/omsenc.dfu
/texmf-dist/tex/latex/base/base/nfssfont.tex
/texmf-dist/tex/latex/base/base/applemac.def
/texmf-dist/tex/latex/base/base/openbib.sty
/texmf-dist/tex/latex/base/base/ltxcheck.tex
/texmf-dist/tex/latex/base/base/bk10.clo
/texmf-dist/tex/latex/base/base/size12.clo
/texmf-dist/tex/latex/base/base/omlcmm.fd
/texmf-dist/tex/latex/base/base/latin10.def
/texmf-dist/tex/latex/base/base/cp1257.def
/texmf-dist/tex/latex/base/base/ts1enc.dfu
/texmf-dist/tex/latex/base/base/cp850.def
/texmf-dist/tex/latex/base/base/fontenc.sty
/texmf-dist/tex/latex/base/base/oldlfont.sty
/texmf-dist/tex/latex/base/base/lppl.tex
/texmf-dist/tex/latex/base/base/ot2enc.dfu
/texmf-dist/tex/latex/base/base/fixltx2e.sty
/texmf-dist/tex/latex/base/base/cp437.def
/texmf-dist/tex/latex/base/base/ot1enc.def
/texmf-dist/tex/latex/base/base/utf8test.tex
/texmf-dist/tex/latex/base/base/book.cls
/texmf-dist/tex/latex/base/base/latin1.def
/texmf-dist/tex/latex/base/base/leqno.clo
/texmf-dist/tex/latex/base/base/decmulti.def
/texmf-dist/tex/latex/base/base/letter.sty
/texmf-dist/tex/latex/base/base/ts1cmss.fd
/texmf-dist/tex/latex/base/base/slides.cls
/texmf-dist/tex/latex/base/base/letter.cls
/texmf-dist/tex/latex/base/base/textcomp.sty
/texmf-dist/tex/latex/base/base/utf8enc.dfu
/texmf-dist/tex/latex/base/base/next.def
/texmf-dist/tex/latex/base/base/fix-cm.sty
/texmf-dist/tex/latex/base/base/cp865.def
/texmf-dist/tex/latex/base/base/ullasy.fd
/texmf-dist/tex/latex/base/base/ucmr.fd
/texmf-dist/tex/latex/base/base/bk12.clo
/texmf-dist/tex/latex/base/base/t1lcmtt.fd
/texmf-dist/tex/latex/base/base/t1cmfr.fd
/texmf-dist/tex/latex/base/base/shortvrb.sty
/texmf-dist/tex/latex/base/base/inputenc.sty
/texmf-dist/tex/latex/base/base/ucmtt.fd
/texmf-dist/tex/latex/base/base/fontmath.ltx
/texmf-dist/tex/latex/base/base/ltluatex.tex
/texmf-dist/tex/latex/base/base/ifthen.sty
/texmf-dist/tex/latex/base/base/fleqn.clo
/texmf-dist/tex/latex/base/base/cp858.def
/texmf-dist/tex/latex/base/base/alltt.sty
/texmf-dist/tex/latex/base/base/ot1lcmtt.fd
/texmf-dist/tex/latex/base/base/ot1cmfib.fd
/texmf-dist/tex/latex/base/base/t1cmr.fd
/texmf-dist/tex/latex/base/base/t1cmvtt.fd
/texmf-dist/tex/latex/base/base/cp1250.def
/texmf-dist/tex/latex/base/base/report.cls
/texmf-dist/tex/latex/base/base/omsenc.def
/texmf-dist/tex/latex/base/base/fltrace.sty
/texmf-dist/tex/latex/base/base/omxlcmex.fd
/texmf-dist/tex/latex/base/base/book.sty
/texmf-dist/tex/latex/base/base/ulasy.fd
/texmf-dist/tex/latex/base/base/slides.def
/texmf-dist/tex/latex/base/base/ot1cmfr.fd
/texmf-dist/tex/latex/base/base/t2benc.dfu
/texmf-dist/tex/latex/base/base/doc.sty
/texmf-dist/tex/latex/base/base/proc.cls
/texmf-dist/tex/latex/base/base/ts1cmr.fd
/texmf-dist/tex/latex/base/base/sfonts.def
/texmf-dist/tex/latex/base/base/flafter.sty
/texmf-dist/tex/latex/base/base/tracefnt.sty
/texmf-dist/tex/latex/base/base/leqno.sty
/texmf-dist/tex/latex/base/base/newlfont.sty
/texmf-dist/tex/latex/base/base/fleqn.sty
/texmf-dist/tex/latex/base/base/t2cenc.dfu
/texmf-dist/tex/latex/base/base/t2aenc.dfu
/texmf-dist/tex/latex/base/base/syntonly.sty
/texmf-dist/tex/latex/base/base/ot1cmvtt.fd
/texmf-dist/tex/latex/base/base/article.sty
/texmf-dist/tex/latex/base/base/ascii.def
/texmf-dist/tex/latex/base/base/makeidx.sty
/texmf-dist/tex/latex/base/base/t1enc.sty
/texmf-dist/tex/latex/base/base/omxcmex.fd
/texmf-dist/tex/latex/base/base/t1cmfib.fd
/texmf-dist/tex/latex/base/base/latin9.def
/texmf-dist/tex/latex/base/base/omllcmm.fd
/texmf-dist/tex/latex/base/base/preload.ltx
/texmf-dist/tex/latex/xkeyval/xkeyval.sty
/texmf-dist/tex/generic/oberdiek/etexcmds.sty
/texmf-dist/tex/generic/oberdiek/kvdefinekeys.sty
/texmf-dist/tex/generic/oberdiek/pdftexcmds.sty
/texmf-dist/tex/generic/oberdiek/kvsetkeys.sty
/texmf-dist/mft/mft/knuth-local/e.mft
/texmf-dist/mft/mft/base/mplain.mft
/texmf-dist/mft/mft/base/cmbase.mft
/texmf-dist/mft/mft/base/plain.mft
/texmf-dist/mft/mft/base/README
/texmf-var/fonts/map/pdftex/updmap/pdftex.map
/texmf-var/fonts/tfm/tfm/public/cm/cmsy5.tfm
/texmf-var/fonts/tfm/tfm/public/cm/cmr5.tfm
/texmf-var/fonts/tfm/tfm/public/cm/cmmi10.tfm
/texmf-var/fonts/tfm/tfm/public/cm/cmsy10.tfm
/texmf-var/fonts/tfm/tfm/public/cm/cmmi5.tfm
/texmf-var/fonts/tfm/tfm/public/cm/cmmi7.tfm
/texmf-var/fonts/tfm/tfm/public/cm/cmsy7.tfm
/texmf-var/fonts/tfm/tfm/public/cm/cmr10.tfm
/texmf-var/fonts/tfm/tfm/public/cm/cmex10.tfm
/texmf-var/fonts/tfm/tfm/public/cm/cmr7.tfm
/texmf-var/fonts/tfm/tfm/public/latex-fonts/lcirclew10.tfm
/texmf-var/fonts/tfm/tfm/public/latex-fonts/line10.tfm
/texmf-var/fonts/tfm/tfm/public/latex-fonts/lcircle10.tfm
/texmf-var/fonts/tfm/tfm/public/latex-fonts/linew10.tfm
/texmf-var/fonts/tfm/tfm/lh/lh-t2a/larm0500.tfm
/texmf-var/fonts/tfm/tfm/lh/lh-t2a/larm0700.tfm
/texmf-var/fonts/tfm/tfm/lh/lh-t2a/larm1000.tfm
/texmf-var/ls-R
